nohup: ignoring input
✅ Discord OK: 200
[2026-01-04 04:05:55] [INFO    ] discord.client: logging in using static token
[2026-01-04 04:05:56] [INFO    ] discord.gateway: Shard ID None has connected to Gateway (Session ID: c00099662a6761f6b48a71b8c0fa390e).
Bot de Fazer#4289 est connecté.
[DEBUG] Connecting to DB 127.0.0.1 as botfazer...
[DEBUG] DB Connected successfully.
/opt/mro_dash/.venv/lib/python3.12/site-packages/aiomysql/cursors.py:239: Warning: Table 'users' already exists
  await self._query(query)
/opt/mro_dash/.venv/lib/python3.12/site-packages/aiomysql/cursors.py:239: Warning: Table 'inventory' already exists
  await self._query(query)
/opt/mro_dash/.venv/lib/python3.12/site-packages/aiomysql/cursors.py:239: Warning: Table 'shop' already exists
  await self._query(query)
/opt/mro_dash/.venv/lib/python3.12/site-packages/aiomysql/cursors.py:239: Warning: Table 'transactions' already exists
  await self._query(query)
/opt/mro_dash/.venv/lib/python3.12/site-packages/aiomysql/cursors.py:239: Warning: Table 'settings' already exists
  await self._query(query)
/opt/mro_dash/.venv/lib/python3.12/site-packages/aiomysql/cursors.py:239: Warning: Table 'crypto_history' already exists
  await self._query(query)
/opt/mro_dash/.venv/lib/python3.12/site-packages/aiomysql/cursors.py:239: Warning: Table 'user_properties' already exists
  await self._query(query)
/opt/mro_dash/.venv/lib/python3.12/site-packages/aiomysql/cursors.py:239: Warning: Table 'user_luxury' already exists
  await self._query(query)
/opt/mro_dash/.venv/lib/python3.12/site-packages/aiomysql/cursors.py:239: Warning: Table 'user_card_customization' already exists
  await self._query(query)
/opt/mro_dash/.venv/lib/python3.12/site-packages/aiomysql/cursors.py:239: Warning: Table 'invoices' already exists
  await self._query(query)
/opt/mro_dash/.venv/lib/python3.12/site-packages/aiomysql/cursors.py:239: Warning: 'VALUES function' is deprecated and will be removed in a future release. Please use an alias (INSERT INTO ... VALUES (...) AS alias) and replace VALUES(col) in the ON DUPLICATE KEY UPDATE clause with alias.col instead
  await self._query(query)
Cog économie chargé.
Cog help chargé.
/opt/mro_dash/.venv/lib/python3.12/site-packages/aiomysql/cursors.py:239: Warning: Data truncated for column 'price' at row 1
  await self._query(query)
Slash commands synchronisées.
[DEBUG] Message: '+card' from fazer_37057 (len=5)
[DEBUG] Processing commands for message: +card
/opt/mro_dash/.venv/lib/python3.12/site-packages/aiomysql/cursors.py:239: Warning: Duplicate entry '1443339902623154207' for key 'users.PRIMARY'
  await self._query(query)
[DEBUG] Message: 'Swaggg' from fazer_37057 (len=6)
[DEBUG] Processing commands for message: Swaggg
[DEBUG] Message: 't'est un bon le pote' from kl.yuno (len=20)
[DEBUG] Processing commands for message: t'est un bon le pote
[DEBUG] Message: '<@1208365653824765953> cbn tu peux custom ta carte' from fazer_37057 (len=50)
[DEBUG] Processing commands for message: <@1208365653824765953> cbn tu peux custom ta carte
